// Jest Snapshot v1, https://goo.gl/fbAQLP

exports[`PostSingle renders correctly 1`] = `
<div
  className="post-single"
>
  <h1>
    sunt aut facere repellat provident occaecati excepturi optio reprehenderit
  </h1>
  <p>
    quia et suscipit
suscipit recusandae consequuntur expedita et cum
reprehenderit molestiae ut ut quas totam
nostrum rerum est autem sunt rem eveniet architecto
  </p>
  <img
    alt="accusamus beatae ad facilis cum similique qui sunt"
    src="https://via.placeholder.com/150/92c952"
  />
</div>
`;
