// Jest Snapshot v1, https://goo.gl/fbAQLP

exports[`Search renders correctly 1`] = `
<div
  className="search"
>
  <h1>
    Search for a Post
  </h1>
  <form
    onSubmit={[Function]}
  >
    <input
      placeholder="Search"
      type="text"
    />
  </form>
</div>
`;
